Traceback (most recent call last):
  File "C:\Users\david\workspace\predictionmarkets\.venv\Lib\site-packages\httpx\_transports\default.py", line 101, in map_httpcore_exceptions
    yield
  File "C:\Users\david\workspace\predictionmarkets\.venv\Lib\site-packages\httpx\_transports\default.py", line 250, in handle_request
    resp = self._pool.handle_request(req)
  File "C:\Users\david\workspace\predictionmarkets\.venv\Lib\site-packages\httpcore\_sync\connection_pool.py", line 256, in handle_request
    raise exc from None
  File "C:\Users\david\workspace\predictionmarkets\.venv\Lib\site-packages\httpcore\_sync\connection_pool.py", line 236, in handle_request
    response = connection.handle_request(
        pool_request.request
    )
  File "C:\Users\david\workspace\predictionmarkets\.venv\Lib\site-packages\httpcore\_sync\connection.py", line 101, in handle_request
    raise exc
  File "C:\Users\david\workspace\predictionmarkets\.venv\Lib\site-packages\httpcore\_sync\connection.py", line 78, in handle_request
    stream = self._connect(request)
  File "C:\Users\david\workspace\predictionmarkets\.venv\Lib\site-packages\httpcore\_sync\connection.py", line 124, in _connect
    stream = self._network_backend.connect_tcp(**kwargs)
  File "C:\Users\david\workspace\predictionmarkets\.venv\Lib\site-packages\httpcore\_backends\sync.py", line 207, in connect_tcp
    with map_exceptions(exc_map):
         ~~~~~~~~~~~~~~^^^^^^^^^
  File "C:\Users\david\AppData\Local\Python\pythoncore-3.14-64\Lib\contextlib.py", line 162, in __exit__
    self.gen.throw(value)
    ~~~~~~~~~~~~~~^^^^^^^
  File "C:\Users\david\workspace\predictionmarkets\.venv\Lib\site-packages\httpcore\_exceptions.py", line 14, in map_exceptions
    raise to_exc(exc) from exc
httpcore.ConnectError: [WinError 10013] An attempt was made to access a socket in a way forbidden by its access permissions

The above exception was the direct cause of the following exception:

Traceback (most recent call last):
  File "<frozen runpy>", line 198, in _run_module_as_main
  File "<frozen runpy>", line 88, in _run_code
  File "C:\Users\david\workspace\predictionmarkets\scripts\poll_markets.py", line 236, in <module>
    main()
    ~~~~^^
  File "C:\Users\david\workspace\predictionmarkets\scripts\poll_markets.py", line 216, in main
    run_cycle(
    ~~~~~~~~~^
        status=status,
        ^^^^^^^^^^^^^^
    ...<5 lines>...
        hydrate_unknown_sleep=args.hydrate_unknown_sleep,
        ^^^^^^^^^^^^^^^^^^^^^^^^^^^^^^^^^^^^^^^^^^^^^^^^^
    )
    ^
  File "C:\Users\david\workspace\predictionmarkets\scripts\poll_markets.py", line 91, in run_cycle
    for batch in chunked(stream, batch_size):
                 ~~~~~~~^^^^^^^^^^^^^^^^^^^^
  File "C:\Users\david\workspace\predictionmarkets\app\services\market_ingestor.py", line 62, in chunked
    batch = list(islice(it, size))
  File "C:\Users\david\workspace\predictionmarkets\app\services\kalshi_rest.py", line 99, in iter_markets
    page = self.get_markets(limit=limit, cursor=cursor, status=status)
  File "C:\Users\david\workspace\predictionmarkets\app\services\kalshi_rest.py", line 75, in get_markets
    response = client.get(url, params=params)
  File "C:\Users\david\workspace\predictionmarkets\.venv\Lib\site-packages\httpx\_client.py", line 1053, in get
    return self.request(
           ~~~~~~~~~~~~^
        "GET",
        ^^^^^^
    ...<7 lines>...
        extensions=extensions,
        ^^^^^^^^^^^^^^^^^^^^^^
    )
    ^
  File "C:\Users\david\workspace\predictionmarkets\.venv\Lib\site-packages\httpx\_client.py", line 825, in request
    return self.send(request, auth=auth, follow_redirects=follow_redirects)
           ~~~~~~~~~^^^^^^^^^^^^^^^^^^^^^^^^^^^^^^^^^^^^^^^^^^^^^^^^^^^^^^^
  File "C:\Users\david\workspace\predictionmarkets\.venv\Lib\site-packages\httpx\_client.py", line 914, in send
    response = self._send_handling_auth(
        request,
    ...<2 lines>...
        history=[],
    )
  File "C:\Users\david\workspace\predictionmarkets\.venv\Lib\site-packages\httpx\_client.py", line 942, in _send_handling_auth
    response = self._send_handling_redirects(
        request,
        follow_redirects=follow_redirects,
        history=history,
    )
  File "C:\Users\david\workspace\predictionmarkets\.venv\Lib\site-packages\httpx\_client.py", line 979, in _send_handling_redirects
    response = self._send_single_request(request)
  File "C:\Users\david\workspace\predictionmarkets\.venv\Lib\site-packages\httpx\_client.py", line 1014, in _send_single_request
    response = transport.handle_request(request)
  File "C:\Users\david\workspace\predictionmarkets\.venv\Lib\site-packages\httpx\_transports\default.py", line 249, in handle_request
    with map_httpcore_exceptions():
         ~~~~~~~~~~~~~~~~~~~~~~~^^
  File "C:\Users\david\AppData\Local\Python\pythoncore-3.14-64\Lib\contextlib.py", line 162, in __exit__
    self.gen.throw(value)
    ~~~~~~~~~~~~~~^^^^^^^
  File "C:\Users\david\workspace\predictionmarkets\.venv\Lib\site-packages\httpx\_transports\default.py", line 118, in map_httpcore_exceptions
    raise mapped_exc(message) from exc
httpx.ConnectError: [WinError 10013] An attempt was made to access a socket in a way forbidden by its access permissions
Traceback (most recent call last):
  File "C:\Users\david\workspace\predictionmarkets\.venv\Lib\site-packages\httpx\_transports\default.py", line 101, in map_httpcore_exceptions
    yield
  File "C:\Users\david\workspace\predictionmarkets\.venv\Lib\site-packages\httpx\_transports\default.py", line 250, in handle_request
    resp = self._pool.handle_request(req)
  File "C:\Users\david\workspace\predictionmarkets\.venv\Lib\site-packages\httpcore\_sync\connection_pool.py", line 256, in handle_request
    raise exc from None
  File "C:\Users\david\workspace\predictionmarkets\.venv\Lib\site-packages\httpcore\_sync\connection_pool.py", line 236, in handle_request
    response = connection.handle_request(
        pool_request.request
    )
  File "C:\Users\david\workspace\predictionmarkets\.venv\Lib\site-packages\httpcore\_sync\connection.py", line 101, in handle_request
    raise exc
  File "C:\Users\david\workspace\predictionmarkets\.venv\Lib\site-packages\httpcore\_sync\connection.py", line 78, in handle_request
    stream = self._connect(request)
  File "C:\Users\david\workspace\predictionmarkets\.venv\Lib\site-packages\httpcore\_sync\connection.py", line 124, in _connect
    stream = self._network_backend.connect_tcp(**kwargs)
  File "C:\Users\david\workspace\predictionmarkets\.venv\Lib\site-packages\httpcore\_backends\sync.py", line 207, in connect_tcp
    with map_exceptions(exc_map):
         ~~~~~~~~~~~~~~^^^^^^^^^
  File "C:\Users\david\AppData\Local\Python\pythoncore-3.14-64\Lib\contextlib.py", line 162, in __exit__
    self.gen.throw(value)
    ~~~~~~~~~~~~~~^^^^^^^
  File "C:\Users\david\workspace\predictionmarkets\.venv\Lib\site-packages\httpcore\_exceptions.py", line 14, in map_exceptions
    raise to_exc(exc) from exc
httpcore.ConnectError: [WinError 10013] An attempt was made to access a socket in a way forbidden by its access permissions

The above exception was the direct cause of the following exception:

Traceback (most recent call last):
  File "<frozen runpy>", line 198, in _run_module_as_main
  File "<frozen runpy>", line 88, in _run_code
  File "C:\Users\david\workspace\predictionmarkets\scripts\poll_markets.py", line 236, in <module>
    main()
    ~~~~^^
  File "C:\Users\david\workspace\predictionmarkets\scripts\poll_markets.py", line 216, in main
    run_cycle(
    ~~~~~~~~~^
        status=status,
        ^^^^^^^^^^^^^^
    ...<5 lines>...
        hydrate_unknown_sleep=args.hydrate_unknown_sleep,
        ^^^^^^^^^^^^^^^^^^^^^^^^^^^^^^^^^^^^^^^^^^^^^^^^^
    )
    ^
  File "C:\Users\david\workspace\predictionmarkets\scripts\poll_markets.py", line 91, in run_cycle
    for batch in chunked(stream, batch_size):
                 ~~~~~~~^^^^^^^^^^^^^^^^^^^^
  File "C:\Users\david\workspace\predictionmarkets\app\services\market_ingestor.py", line 62, in chunked
    batch = list(islice(it, size))
  File "C:\Users\david\workspace\predictionmarkets\app\services\kalshi_rest.py", line 99, in iter_markets
    page = self.get_markets(limit=limit, cursor=cursor, status=status)
  File "C:\Users\david\workspace\predictionmarkets\app\services\kalshi_rest.py", line 75, in get_markets
    response = client.get(url, params=params)
  File "C:\Users\david\workspace\predictionmarkets\.venv\Lib\site-packages\httpx\_client.py", line 1053, in get
    return self.request(
           ~~~~~~~~~~~~^
        "GET",
        ^^^^^^
    ...<7 lines>...
        extensions=extensions,
        ^^^^^^^^^^^^^^^^^^^^^^
    )
    ^
  File "C:\Users\david\workspace\predictionmarkets\.venv\Lib\site-packages\httpx\_client.py", line 825, in request
    return self.send(request, auth=auth, follow_redirects=follow_redirects)
           ~~~~~~~~~^^^^^^^^^^^^^^^^^^^^^^^^^^^^^^^^^^^^^^^^^^^^^^^^^^^^^^^
  File "C:\Users\david\workspace\predictionmarkets\.venv\Lib\site-packages\httpx\_client.py", line 914, in send
    response = self._send_handling_auth(
        request,
    ...<2 lines>...
        history=[],
    )
  File "C:\Users\david\workspace\predictionmarkets\.venv\Lib\site-packages\httpx\_client.py", line 942, in _send_handling_auth
    response = self._send_handling_redirects(
        request,
        follow_redirects=follow_redirects,
        history=history,
    )
  File "C:\Users\david\workspace\predictionmarkets\.venv\Lib\site-packages\httpx\_client.py", line 979, in _send_handling_redirects
    response = self._send_single_request(request)
  File "C:\Users\david\workspace\predictionmarkets\.venv\Lib\site-packages\httpx\_client.py", line 1014, in _send_single_request
    response = transport.handle_request(request)
  File "C:\Users\david\workspace\predictionmarkets\.venv\Lib\site-packages\httpx\_transports\default.py", line 249, in handle_request
    with map_httpcore_exceptions():
         ~~~~~~~~~~~~~~~~~~~~~~~^^
  File "C:\Users\david\AppData\Local\Python\pythoncore-3.14-64\Lib\contextlib.py", line 162, in __exit__
    self.gen.throw(value)
    ~~~~~~~~~~~~~~^^^^^^^
  File "C:\Users\david\workspace\predictionmarkets\.venv\Lib\site-packages\httpx\_transports\default.py", line 118, in map_httpcore_exceptions
    raise mapped_exc(message) from exc
httpx.ConnectError: [WinError 10013] An attempt was made to access a socket in a way forbidden by its access permissions
Traceback (most recent call last):
  File "C:\Users\david\workspace\predictionmarkets\.venv\Lib\site-packages\httpx\_transports\default.py", line 101, in map_httpcore_exceptions
    yield
  File "C:\Users\david\workspace\predictionmarkets\.venv\Lib\site-packages\httpx\_transports\default.py", line 250, in handle_request
    resp = self._pool.handle_request(req)
  File "C:\Users\david\workspace\predictionmarkets\.venv\Lib\site-packages\httpcore\_sync\connection_pool.py", line 256, in handle_request
    raise exc from None
  File "C:\Users\david\workspace\predictionmarkets\.venv\Lib\site-packages\httpcore\_sync\connection_pool.py", line 236, in handle_request
    response = connection.handle_request(
        pool_request.request
    )
  File "C:\Users\david\workspace\predictionmarkets\.venv\Lib\site-packages\httpcore\_sync\connection.py", line 101, in handle_request
    raise exc
  File "C:\Users\david\workspace\predictionmarkets\.venv\Lib\site-packages\httpcore\_sync\connection.py", line 78, in handle_request
    stream = self._connect(request)
  File "C:\Users\david\workspace\predictionmarkets\.venv\Lib\site-packages\httpcore\_sync\connection.py", line 124, in _connect
    stream = self._network_backend.connect_tcp(**kwargs)
  File "C:\Users\david\workspace\predictionmarkets\.venv\Lib\site-packages\httpcore\_backends\sync.py", line 207, in connect_tcp
    with map_exceptions(exc_map):
         ~~~~~~~~~~~~~~^^^^^^^^^
  File "C:\Users\david\AppData\Local\Python\pythoncore-3.14-64\Lib\contextlib.py", line 162, in __exit__
    self.gen.throw(value)
    ~~~~~~~~~~~~~~^^^^^^^
  File "C:\Users\david\workspace\predictionmarkets\.venv\Lib\site-packages\httpcore\_exceptions.py", line 14, in map_exceptions
    raise to_exc(exc) from exc
httpcore.ConnectError: [WinError 10013] An attempt was made to access a socket in a way forbidden by its access permissions

The above exception was the direct cause of the following exception:

Traceback (most recent call last):
  File "<frozen runpy>", line 198, in _run_module_as_main
  File "<frozen runpy>", line 88, in _run_code
  File "C:\Users\david\workspace\predictionmarkets\scripts\poll_markets.py", line 236, in <module>
    main()
    ~~~~^^
  File "C:\Users\david\workspace\predictionmarkets\scripts\poll_markets.py", line 216, in main
    run_cycle(
    ~~~~~~~~~^
        status=status,
        ^^^^^^^^^^^^^^
    ...<5 lines>...
        hydrate_unknown_sleep=args.hydrate_unknown_sleep,
        ^^^^^^^^^^^^^^^^^^^^^^^^^^^^^^^^^^^^^^^^^^^^^^^^^
    )
    ^
  File "C:\Users\david\workspace\predictionmarkets\scripts\poll_markets.py", line 91, in run_cycle
    for batch in chunked(stream, batch_size):
                 ~~~~~~~^^^^^^^^^^^^^^^^^^^^
  File "C:\Users\david\workspace\predictionmarkets\app\services\market_ingestor.py", line 62, in chunked
    batch = list(islice(it, size))
  File "C:\Users\david\workspace\predictionmarkets\app\services\kalshi_rest.py", line 99, in iter_markets
    page = self.get_markets(limit=limit, cursor=cursor, status=status)
  File "C:\Users\david\workspace\predictionmarkets\app\services\kalshi_rest.py", line 75, in get_markets
    response = client.get(url, params=params)
  File "C:\Users\david\workspace\predictionmarkets\.venv\Lib\site-packages\httpx\_client.py", line 1053, in get
    return self.request(
           ~~~~~~~~~~~~^
        "GET",
        ^^^^^^
    ...<7 lines>...
        extensions=extensions,
        ^^^^^^^^^^^^^^^^^^^^^^
    )
    ^
  File "C:\Users\david\workspace\predictionmarkets\.venv\Lib\site-packages\httpx\_client.py", line 825, in request
    return self.send(request, auth=auth, follow_redirects=follow_redirects)
           ~~~~~~~~~^^^^^^^^^^^^^^^^^^^^^^^^^^^^^^^^^^^^^^^^^^^^^^^^^^^^^^^
  File "C:\Users\david\workspace\predictionmarkets\.venv\Lib\site-packages\httpx\_client.py", line 914, in send
    response = self._send_handling_auth(
        request,
    ...<2 lines>...
        history=[],
    )
  File "C:\Users\david\workspace\predictionmarkets\.venv\Lib\site-packages\httpx\_client.py", line 942, in _send_handling_auth
    response = self._send_handling_redirects(
        request,
        follow_redirects=follow_redirects,
        history=history,
    )
  File "C:\Users\david\workspace\predictionmarkets\.venv\Lib\site-packages\httpx\_client.py", line 979, in _send_handling_redirects
    response = self._send_single_request(request)
  File "C:\Users\david\workspace\predictionmarkets\.venv\Lib\site-packages\httpx\_client.py", line 1014, in _send_single_request
    response = transport.handle_request(request)
  File "C:\Users\david\workspace\predictionmarkets\.venv\Lib\site-packages\httpx\_transports\default.py", line 249, in handle_request
    with map_httpcore_exceptions():
         ~~~~~~~~~~~~~~~~~~~~~~~^^
  File "C:\Users\david\AppData\Local\Python\pythoncore-3.14-64\Lib\contextlib.py", line 162, in __exit__
    self.gen.throw(value)
    ~~~~~~~~~~~~~~^^^^^^^
  File "C:\Users\david\workspace\predictionmarkets\.venv\Lib\site-packages\httpx\_transports\default.py", line 118, in map_httpcore_exceptions
    raise mapped_exc(message) from exc
httpx.ConnectError: [WinError 10013] An attempt was made to access a socket in a way forbidden by its access permissions
Traceback (most recent call last):
  File "C:\Users\david\workspace\predictionmarkets\.venv\Lib\site-packages\httpx\_transports\default.py", line 101, in map_httpcore_exceptions
    yield
  File "C:\Users\david\workspace\predictionmarkets\.venv\Lib\site-packages\httpx\_transports\default.py", line 250, in handle_request
    resp = self._pool.handle_request(req)
  File "C:\Users\david\workspace\predictionmarkets\.venv\Lib\site-packages\httpcore\_sync\connection_pool.py", line 256, in handle_request
    raise exc from None
  File "C:\Users\david\workspace\predictionmarkets\.venv\Lib\site-packages\httpcore\_sync\connection_pool.py", line 236, in handle_request
    response = connection.handle_request(
        pool_request.request
    )
  File "C:\Users\david\workspace\predictionmarkets\.venv\Lib\site-packages\httpcore\_sync\connection.py", line 101, in handle_request
    raise exc
  File "C:\Users\david\workspace\predictionmarkets\.venv\Lib\site-packages\httpcore\_sync\connection.py", line 78, in handle_request
    stream = self._connect(request)
  File "C:\Users\david\workspace\predictionmarkets\.venv\Lib\site-packages\httpcore\_sync\connection.py", line 124, in _connect
    stream = self._network_backend.connect_tcp(**kwargs)
  File "C:\Users\david\workspace\predictionmarkets\.venv\Lib\site-packages\httpcore\_backends\sync.py", line 207, in connect_tcp
    with map_exceptions(exc_map):
         ~~~~~~~~~~~~~~^^^^^^^^^
  File "C:\Users\david\AppData\Local\Python\pythoncore-3.14-64\Lib\contextlib.py", line 162, in __exit__
    self.gen.throw(value)
    ~~~~~~~~~~~~~~^^^^^^^
  File "C:\Users\david\workspace\predictionmarkets\.venv\Lib\site-packages\httpcore\_exceptions.py", line 14, in map_exceptions
    raise to_exc(exc) from exc
httpcore.ConnectError: [WinError 10013] An attempt was made to access a socket in a way forbidden by its access permissions

The above exception was the direct cause of the following exception:

Traceback (most recent call last):
  File "<frozen runpy>", line 198, in _run_module_as_main
  File "<frozen runpy>", line 88, in _run_code
  File "C:\Users\david\workspace\predictionmarkets\scripts\poll_markets.py", line 236, in <module>
    main()
    ~~~~^^
  File "C:\Users\david\workspace\predictionmarkets\scripts\poll_markets.py", line 216, in main
    run_cycle(
    ~~~~~~~~~^
        status=status,
        ^^^^^^^^^^^^^^
    ...<5 lines>...
        hydrate_unknown_sleep=args.hydrate_unknown_sleep,
        ^^^^^^^^^^^^^^^^^^^^^^^^^^^^^^^^^^^^^^^^^^^^^^^^^
    )
    ^
  File "C:\Users\david\workspace\predictionmarkets\scripts\poll_markets.py", line 91, in run_cycle
    for batch in chunked(stream, batch_size):
                 ~~~~~~~^^^^^^^^^^^^^^^^^^^^
  File "C:\Users\david\workspace\predictionmarkets\app\services\market_ingestor.py", line 62, in chunked
    batch = list(islice(it, size))
  File "C:\Users\david\workspace\predictionmarkets\app\services\kalshi_rest.py", line 99, in iter_markets
    page = self.get_markets(limit=limit, cursor=cursor, status=status)
  File "C:\Users\david\workspace\predictionmarkets\app\services\kalshi_rest.py", line 75, in get_markets
    response = client.get(url, params=params)
  File "C:\Users\david\workspace\predictionmarkets\.venv\Lib\site-packages\httpx\_client.py", line 1053, in get
    return self.request(
           ~~~~~~~~~~~~^
        "GET",
        ^^^^^^
    ...<7 lines>...
        extensions=extensions,
        ^^^^^^^^^^^^^^^^^^^^^^
    )
    ^
  File "C:\Users\david\workspace\predictionmarkets\.venv\Lib\site-packages\httpx\_client.py", line 825, in request
    return self.send(request, auth=auth, follow_redirects=follow_redirects)
           ~~~~~~~~~^^^^^^^^^^^^^^^^^^^^^^^^^^^^^^^^^^^^^^^^^^^^^^^^^^^^^^^
  File "C:\Users\david\workspace\predictionmarkets\.venv\Lib\site-packages\httpx\_client.py", line 914, in send
    response = self._send_handling_auth(
        request,
    ...<2 lines>...
        history=[],
    )
  File "C:\Users\david\workspace\predictionmarkets\.venv\Lib\site-packages\httpx\_client.py", line 942, in _send_handling_auth
    response = self._send_handling_redirects(
        request,
        follow_redirects=follow_redirects,
        history=history,
    )
  File "C:\Users\david\workspace\predictionmarkets\.venv\Lib\site-packages\httpx\_client.py", line 979, in _send_handling_redirects
    response = self._send_single_request(request)
  File "C:\Users\david\workspace\predictionmarkets\.venv\Lib\site-packages\httpx\_client.py", line 1014, in _send_single_request
    response = transport.handle_request(request)
  File "C:\Users\david\workspace\predictionmarkets\.venv\Lib\site-packages\httpx\_transports\default.py", line 249, in handle_request
    with map_httpcore_exceptions():
         ~~~~~~~~~~~~~~~~~~~~~~~^^
  File "C:\Users\david\AppData\Local\Python\pythoncore-3.14-64\Lib\contextlib.py", line 162, in __exit__
    self.gen.throw(value)
    ~~~~~~~~~~~~~~^^^^^^^
  File "C:\Users\david\workspace\predictionmarkets\.venv\Lib\site-packages\httpx\_transports\default.py", line 118, in map_httpcore_exceptions
    raise mapped_exc(message) from exc
httpx.ConnectError: [WinError 10013] An attempt was made to access a socket in a way forbidden by its access permissions
Traceback (most recent call last):
  File "C:\Users\david\workspace\predictionmarkets\.venv\Lib\site-packages\httpx\_transports\default.py", line 101, in map_httpcore_exceptions
    yield
  File "C:\Users\david\workspace\predictionmarkets\.venv\Lib\site-packages\httpx\_transports\default.py", line 250, in handle_request
    resp = self._pool.handle_request(req)
  File "C:\Users\david\workspace\predictionmarkets\.venv\Lib\site-packages\httpcore\_sync\connection_pool.py", line 256, in handle_request
    raise exc from None
  File "C:\Users\david\workspace\predictionmarkets\.venv\Lib\site-packages\httpcore\_sync\connection_pool.py", line 236, in handle_request
    response = connection.handle_request(
        pool_request.request
    )
  File "C:\Users\david\workspace\predictionmarkets\.venv\Lib\site-packages\httpcore\_sync\connection.py", line 101, in handle_request
    raise exc
  File "C:\Users\david\workspace\predictionmarkets\.venv\Lib\site-packages\httpcore\_sync\connection.py", line 78, in handle_request
    stream = self._connect(request)
  File "C:\Users\david\workspace\predictionmarkets\.venv\Lib\site-packages\httpcore\_sync\connection.py", line 124, in _connect
    stream = self._network_backend.connect_tcp(**kwargs)
  File "C:\Users\david\workspace\predictionmarkets\.venv\Lib\site-packages\httpcore\_backends\sync.py", line 207, in connect_tcp
    with map_exceptions(exc_map):
         ~~~~~~~~~~~~~~^^^^^^^^^
  File "C:\Users\david\AppData\Local\Python\pythoncore-3.14-64\Lib\contextlib.py", line 162, in __exit__
    self.gen.throw(value)
    ~~~~~~~~~~~~~~^^^^^^^
  File "C:\Users\david\workspace\predictionmarkets\.venv\Lib\site-packages\httpcore\_exceptions.py", line 14, in map_exceptions
    raise to_exc(exc) from exc
httpcore.ConnectError: [WinError 10013] An attempt was made to access a socket in a way forbidden by its access permissions

The above exception was the direct cause of the following exception:

Traceback (most recent call last):
  File "<frozen runpy>", line 198, in _run_module_as_main
  File "<frozen runpy>", line 88, in _run_code
  File "C:\Users\david\workspace\predictionmarkets\scripts\poll_markets.py", line 236, in <module>
    main()
    ~~~~^^
  File "C:\Users\david\workspace\predictionmarkets\scripts\poll_markets.py", line 216, in main
    run_cycle(
    ~~~~~~~~~^
        status=status,
        ^^^^^^^^^^^^^^
    ...<5 lines>...
        hydrate_unknown_sleep=args.hydrate_unknown_sleep,
        ^^^^^^^^^^^^^^^^^^^^^^^^^^^^^^^^^^^^^^^^^^^^^^^^^
    )
    ^
  File "C:\Users\david\workspace\predictionmarkets\scripts\poll_markets.py", line 91, in run_cycle
    for batch in chunked(stream, batch_size):
                 ~~~~~~~^^^^^^^^^^^^^^^^^^^^
  File "C:\Users\david\workspace\predictionmarkets\app\services\market_ingestor.py", line 62, in chunked
    batch = list(islice(it, size))
  File "C:\Users\david\workspace\predictionmarkets\app\services\kalshi_rest.py", line 99, in iter_markets
    page = self.get_markets(limit=limit, cursor=cursor, status=status)
  File "C:\Users\david\workspace\predictionmarkets\app\services\kalshi_rest.py", line 75, in get_markets
    response = client.get(url, params=params)
  File "C:\Users\david\workspace\predictionmarkets\.venv\Lib\site-packages\httpx\_client.py", line 1053, in get
    return self.request(
           ~~~~~~~~~~~~^
        "GET",
        ^^^^^^
    ...<7 lines>...
        extensions=extensions,
        ^^^^^^^^^^^^^^^^^^^^^^
    )
    ^
  File "C:\Users\david\workspace\predictionmarkets\.venv\Lib\site-packages\httpx\_client.py", line 825, in request
    return self.send(request, auth=auth, follow_redirects=follow_redirects)
           ~~~~~~~~~^^^^^^^^^^^^^^^^^^^^^^^^^^^^^^^^^^^^^^^^^^^^^^^^^^^^^^^
  File "C:\Users\david\workspace\predictionmarkets\.venv\Lib\site-packages\httpx\_client.py", line 914, in send
    response = self._send_handling_auth(
        request,
    ...<2 lines>...
        history=[],
    )
  File "C:\Users\david\workspace\predictionmarkets\.venv\Lib\site-packages\httpx\_client.py", line 942, in _send_handling_auth
    response = self._send_handling_redirects(
        request,
        follow_redirects=follow_redirects,
        history=history,
    )
  File "C:\Users\david\workspace\predictionmarkets\.venv\Lib\site-packages\httpx\_client.py", line 979, in _send_handling_redirects
    response = self._send_single_request(request)
  File "C:\Users\david\workspace\predictionmarkets\.venv\Lib\site-packages\httpx\_client.py", line 1014, in _send_single_request
    response = transport.handle_request(request)
  File "C:\Users\david\workspace\predictionmarkets\.venv\Lib\site-packages\httpx\_transports\default.py", line 249, in handle_request
    with map_httpcore_exceptions():
         ~~~~~~~~~~~~~~~~~~~~~~~^^
  File "C:\Users\david\AppData\Local\Python\pythoncore-3.14-64\Lib\contextlib.py", line 162, in __exit__
    self.gen.throw(value)
    ~~~~~~~~~~~~~~^^^^^^^
  File "C:\Users\david\workspace\predictionmarkets\.venv\Lib\site-packages\httpx\_transports\default.py", line 118, in map_httpcore_exceptions
    raise mapped_exc(message) from exc
httpx.ConnectError: [WinError 10013] An attempt was made to access a socket in a way forbidden by its access permissions
Traceback (most recent call last):
  File "C:\Users\david\workspace\predictionmarkets\.venv\Lib\site-packages\httpx\_transports\default.py", line 101, in map_httpcore_exceptions
    yield
  File "C:\Users\david\workspace\predictionmarkets\.venv\Lib\site-packages\httpx\_transports\default.py", line 250, in handle_request
    resp = self._pool.handle_request(req)
  File "C:\Users\david\workspace\predictionmarkets\.venv\Lib\site-packages\httpcore\_sync\connection_pool.py", line 256, in handle_request
    raise exc from None
  File "C:\Users\david\workspace\predictionmarkets\.venv\Lib\site-packages\httpcore\_sync\connection_pool.py", line 236, in handle_request
    response = connection.handle_request(
        pool_request.request
    )
  File "C:\Users\david\workspace\predictionmarkets\.venv\Lib\site-packages\httpcore\_sync\connection.py", line 101, in handle_request
    raise exc
  File "C:\Users\david\workspace\predictionmarkets\.venv\Lib\site-packages\httpcore\_sync\connection.py", line 78, in handle_request
    stream = self._connect(request)
  File "C:\Users\david\workspace\predictionmarkets\.venv\Lib\site-packages\httpcore\_sync\connection.py", line 124, in _connect
    stream = self._network_backend.connect_tcp(**kwargs)
  File "C:\Users\david\workspace\predictionmarkets\.venv\Lib\site-packages\httpcore\_backends\sync.py", line 207, in connect_tcp
    with map_exceptions(exc_map):
         ~~~~~~~~~~~~~~^^^^^^^^^
  File "C:\Users\david\AppData\Local\Python\pythoncore-3.14-64\Lib\contextlib.py", line 162, in __exit__
    self.gen.throw(value)
    ~~~~~~~~~~~~~~^^^^^^^
  File "C:\Users\david\workspace\predictionmarkets\.venv\Lib\site-packages\httpcore\_exceptions.py", line 14, in map_exceptions
    raise to_exc(exc) from exc
httpcore.ConnectError: [WinError 10013] An attempt was made to access a socket in a way forbidden by its access permissions

The above exception was the direct cause of the following exception:

Traceback (most recent call last):
  File "<frozen runpy>", line 198, in _run_module_as_main
  File "<frozen runpy>", line 88, in _run_code
  File "C:\Users\david\workspace\predictionmarkets\scripts\poll_markets.py", line 236, in <module>
    main()
    ~~~~^^
  File "C:\Users\david\workspace\predictionmarkets\scripts\poll_markets.py", line 216, in main
    run_cycle(
    ~~~~~~~~~^
        status=status,
        ^^^^^^^^^^^^^^
    ...<5 lines>...
        hydrate_unknown_sleep=args.hydrate_unknown_sleep,
        ^^^^^^^^^^^^^^^^^^^^^^^^^^^^^^^^^^^^^^^^^^^^^^^^^
    )
    ^
  File "C:\Users\david\workspace\predictionmarkets\scripts\poll_markets.py", line 91, in run_cycle
    for batch in chunked(stream, batch_size):
                 ~~~~~~~^^^^^^^^^^^^^^^^^^^^
  File "C:\Users\david\workspace\predictionmarkets\app\services\market_ingestor.py", line 62, in chunked
    batch = list(islice(it, size))
  File "C:\Users\david\workspace\predictionmarkets\app\services\kalshi_rest.py", line 99, in iter_markets
    page = self.get_markets(limit=limit, cursor=cursor, status=status)
  File "C:\Users\david\workspace\predictionmarkets\app\services\kalshi_rest.py", line 75, in get_markets
    response = client.get(url, params=params)
  File "C:\Users\david\workspace\predictionmarkets\.venv\Lib\site-packages\httpx\_client.py", line 1053, in get
    return self.request(
           ~~~~~~~~~~~~^
        "GET",
        ^^^^^^
    ...<7 lines>...
        extensions=extensions,
        ^^^^^^^^^^^^^^^^^^^^^^
    )
    ^
  File "C:\Users\david\workspace\predictionmarkets\.venv\Lib\site-packages\httpx\_client.py", line 825, in request
    return self.send(request, auth=auth, follow_redirects=follow_redirects)
           ~~~~~~~~~^^^^^^^^^^^^^^^^^^^^^^^^^^^^^^^^^^^^^^^^^^^^^^^^^^^^^^^
  File "C:\Users\david\workspace\predictionmarkets\.venv\Lib\site-packages\httpx\_client.py", line 914, in send
    response = self._send_handling_auth(
        request,
    ...<2 lines>...
        history=[],
    )
  File "C:\Users\david\workspace\predictionmarkets\.venv\Lib\site-packages\httpx\_client.py", line 942, in _send_handling_auth
    response = self._send_handling_redirects(
        request,
        follow_redirects=follow_redirects,
        history=history,
    )
  File "C:\Users\david\workspace\predictionmarkets\.venv\Lib\site-packages\httpx\_client.py", line 979, in _send_handling_redirects
    response = self._send_single_request(request)
  File "C:\Users\david\workspace\predictionmarkets\.venv\Lib\site-packages\httpx\_client.py", line 1014, in _send_single_request
    response = transport.handle_request(request)
  File "C:\Users\david\workspace\predictionmarkets\.venv\Lib\site-packages\httpx\_transports\default.py", line 249, in handle_request
    with map_httpcore_exceptions():
         ~~~~~~~~~~~~~~~~~~~~~~~^^
  File "C:\Users\david\AppData\Local\Python\pythoncore-3.14-64\Lib\contextlib.py", line 162, in __exit__
    self.gen.throw(value)
    ~~~~~~~~~~~~~~^^^^^^^
  File "C:\Users\david\workspace\predictionmarkets\.venv\Lib\site-packages\httpx\_transports\default.py", line 118, in map_httpcore_exceptions
    raise mapped_exc(message) from exc
httpx.ConnectError: [WinError 10013] An attempt was made to access a socket in a way forbidden by its access permissions
Traceback (most recent call last):
  File "C:\Users\david\workspace\predictionmarkets\.venv\Lib\site-packages\httpx\_transports\default.py", line 101, in map_httpcore_exceptions
    yield
  File "C:\Users\david\workspace\predictionmarkets\.venv\Lib\site-packages\httpx\_transports\default.py", line 250, in handle_request
    resp = self._pool.handle_request(req)
  File "C:\Users\david\workspace\predictionmarkets\.venv\Lib\site-packages\httpcore\_sync\connection_pool.py", line 256, in handle_request
    raise exc from None
  File "C:\Users\david\workspace\predictionmarkets\.venv\Lib\site-packages\httpcore\_sync\connection_pool.py", line 236, in handle_request
    response = connection.handle_request(
        pool_request.request
    )
  File "C:\Users\david\workspace\predictionmarkets\.venv\Lib\site-packages\httpcore\_sync\connection.py", line 101, in handle_request
    raise exc
  File "C:\Users\david\workspace\predictionmarkets\.venv\Lib\site-packages\httpcore\_sync\connection.py", line 78, in handle_request
    stream = self._connect(request)
  File "C:\Users\david\workspace\predictionmarkets\.venv\Lib\site-packages\httpcore\_sync\connection.py", line 124, in _connect
    stream = self._network_backend.connect_tcp(**kwargs)
  File "C:\Users\david\workspace\predictionmarkets\.venv\Lib\site-packages\httpcore\_backends\sync.py", line 207, in connect_tcp
    with map_exceptions(exc_map):
         ~~~~~~~~~~~~~~^^^^^^^^^
  File "C:\Users\david\AppData\Local\Python\pythoncore-3.14-64\Lib\contextlib.py", line 162, in __exit__
    self.gen.throw(value)
    ~~~~~~~~~~~~~~^^^^^^^
  File "C:\Users\david\workspace\predictionmarkets\.venv\Lib\site-packages\httpcore\_exceptions.py", line 14, in map_exceptions
    raise to_exc(exc) from exc
httpcore.ConnectError: [WinError 10013] An attempt was made to access a socket in a way forbidden by its access permissions

The above exception was the direct cause of the following exception:

Traceback (most recent call last):
  File "<frozen runpy>", line 198, in _run_module_as_main
  File "<frozen runpy>", line 88, in _run_code
  File "C:\Users\david\workspace\predictionmarkets\scripts\poll_markets.py", line 236, in <module>
    main()
    ~~~~^^
  File "C:\Users\david\workspace\predictionmarkets\scripts\poll_markets.py", line 216, in main
    run_cycle(
    ~~~~~~~~~^
        status=status,
        ^^^^^^^^^^^^^^
    ...<5 lines>...
        hydrate_unknown_sleep=args.hydrate_unknown_sleep,
        ^^^^^^^^^^^^^^^^^^^^^^^^^^^^^^^^^^^^^^^^^^^^^^^^^
    )
    ^
  File "C:\Users\david\workspace\predictionmarkets\scripts\poll_markets.py", line 91, in run_cycle
    for batch in chunked(stream, batch_size):
                 ~~~~~~~^^^^^^^^^^^^^^^^^^^^
  File "C:\Users\david\workspace\predictionmarkets\app\services\market_ingestor.py", line 62, in chunked
    batch = list(islice(it, size))
  File "C:\Users\david\workspace\predictionmarkets\app\services\kalshi_rest.py", line 99, in iter_markets
    page = self.get_markets(limit=limit, cursor=cursor, status=status)
  File "C:\Users\david\workspace\predictionmarkets\app\services\kalshi_rest.py", line 75, in get_markets
    response = client.get(url, params=params)
  File "C:\Users\david\workspace\predictionmarkets\.venv\Lib\site-packages\httpx\_client.py", line 1053, in get
    return self.request(
           ~~~~~~~~~~~~^
        "GET",
        ^^^^^^
    ...<7 lines>...
        extensions=extensions,
        ^^^^^^^^^^^^^^^^^^^^^^
    )
    ^
  File "C:\Users\david\workspace\predictionmarkets\.venv\Lib\site-packages\httpx\_client.py", line 825, in request
    return self.send(request, auth=auth, follow_redirects=follow_redirects)
           ~~~~~~~~~^^^^^^^^^^^^^^^^^^^^^^^^^^^^^^^^^^^^^^^^^^^^^^^^^^^^^^^
  File "C:\Users\david\workspace\predictionmarkets\.venv\Lib\site-packages\httpx\_client.py", line 914, in send
    response = self._send_handling_auth(
        request,
    ...<2 lines>...
        history=[],
    )
  File "C:\Users\david\workspace\predictionmarkets\.venv\Lib\site-packages\httpx\_client.py", line 942, in _send_handling_auth
    response = self._send_handling_redirects(
        request,
        follow_redirects=follow_redirects,
        history=history,
    )
  File "C:\Users\david\workspace\predictionmarkets\.venv\Lib\site-packages\httpx\_client.py", line 979, in _send_handling_redirects
    response = self._send_single_request(request)
  File "C:\Users\david\workspace\predictionmarkets\.venv\Lib\site-packages\httpx\_client.py", line 1014, in _send_single_request
    response = transport.handle_request(request)
  File "C:\Users\david\workspace\predictionmarkets\.venv\Lib\site-packages\httpx\_transports\default.py", line 249, in handle_request
    with map_httpcore_exceptions():
         ~~~~~~~~~~~~~~~~~~~~~~~^^
  File "C:\Users\david\AppData\Local\Python\pythoncore-3.14-64\Lib\contextlib.py", line 162, in __exit__
    self.gen.throw(value)
    ~~~~~~~~~~~~~~^^^^^^^
  File "C:\Users\david\workspace\predictionmarkets\.venv\Lib\site-packages\httpx\_transports\default.py", line 118, in map_httpcore_exceptions
    raise mapped_exc(message) from exc
httpx.ConnectError: [WinError 10013] An attempt was made to access a socket in a way forbidden by its access permissions
Traceback (most recent call last):
  File "C:\Users\david\workspace\predictionmarkets\.venv\Lib\site-packages\httpx\_transports\default.py", line 101, in map_httpcore_exceptions
    yield
  File "C:\Users\david\workspace\predictionmarkets\.venv\Lib\site-packages\httpx\_transports\default.py", line 250, in handle_request
    resp = self._pool.handle_request(req)
  File "C:\Users\david\workspace\predictionmarkets\.venv\Lib\site-packages\httpcore\_sync\connection_pool.py", line 256, in handle_request
    raise exc from None
  File "C:\Users\david\workspace\predictionmarkets\.venv\Lib\site-packages\httpcore\_sync\connection_pool.py", line 236, in handle_request
    response = connection.handle_request(
        pool_request.request
    )
  File "C:\Users\david\workspace\predictionmarkets\.venv\Lib\site-packages\httpcore\_sync\connection.py", line 101, in handle_request
    raise exc
  File "C:\Users\david\workspace\predictionmarkets\.venv\Lib\site-packages\httpcore\_sync\connection.py", line 78, in handle_request
    stream = self._connect(request)
  File "C:\Users\david\workspace\predictionmarkets\.venv\Lib\site-packages\httpcore\_sync\connection.py", line 124, in _connect
    stream = self._network_backend.connect_tcp(**kwargs)
  File "C:\Users\david\workspace\predictionmarkets\.venv\Lib\site-packages\httpcore\_backends\sync.py", line 207, in connect_tcp
    with map_exceptions(exc_map):
         ~~~~~~~~~~~~~~^^^^^^^^^
  File "C:\Users\david\AppData\Local\Python\pythoncore-3.14-64\Lib\contextlib.py", line 162, in __exit__
    self.gen.throw(value)
    ~~~~~~~~~~~~~~^^^^^^^
  File "C:\Users\david\workspace\predictionmarkets\.venv\Lib\site-packages\httpcore\_exceptions.py", line 14, in map_exceptions
    raise to_exc(exc) from exc
httpcore.ConnectError: [WinError 10013] An attempt was made to access a socket in a way forbidden by its access permissions

The above exception was the direct cause of the following exception:

Traceback (most recent call last):
  File "<frozen runpy>", line 198, in _run_module_as_main
  File "<frozen runpy>", line 88, in _run_code
  File "C:\Users\david\workspace\predictionmarkets\scripts\poll_markets.py", line 236, in <module>
    main()
    ~~~~^^
  File "C:\Users\david\workspace\predictionmarkets\scripts\poll_markets.py", line 216, in main
    run_cycle(
    ~~~~~~~~~^
        status=status,
        ^^^^^^^^^^^^^^
    ...<5 lines>...
        hydrate_unknown_sleep=args.hydrate_unknown_sleep,
        ^^^^^^^^^^^^^^^^^^^^^^^^^^^^^^^^^^^^^^^^^^^^^^^^^
    )
    ^
  File "C:\Users\david\workspace\predictionmarkets\scripts\poll_markets.py", line 91, in run_cycle
    for batch in chunked(stream, batch_size):
                 ~~~~~~~^^^^^^^^^^^^^^^^^^^^
  File "C:\Users\david\workspace\predictionmarkets\app\services\market_ingestor.py", line 62, in chunked
    batch = list(islice(it, size))
  File "C:\Users\david\workspace\predictionmarkets\app\services\kalshi_rest.py", line 99, in iter_markets
    page = self.get_markets(limit=limit, cursor=cursor, status=status)
  File "C:\Users\david\workspace\predictionmarkets\app\services\kalshi_rest.py", line 75, in get_markets
    response = client.get(url, params=params)
  File "C:\Users\david\workspace\predictionmarkets\.venv\Lib\site-packages\httpx\_client.py", line 1053, in get
    return self.request(
           ~~~~~~~~~~~~^
        "GET",
        ^^^^^^
    ...<7 lines>...
        extensions=extensions,
        ^^^^^^^^^^^^^^^^^^^^^^
    )
    ^
  File "C:\Users\david\workspace\predictionmarkets\.venv\Lib\site-packages\httpx\_client.py", line 825, in request
    return self.send(request, auth=auth, follow_redirects=follow_redirects)
           ~~~~~~~~~^^^^^^^^^^^^^^^^^^^^^^^^^^^^^^^^^^^^^^^^^^^^^^^^^^^^^^^
  File "C:\Users\david\workspace\predictionmarkets\.venv\Lib\site-packages\httpx\_client.py", line 914, in send
    response = self._send_handling_auth(
        request,
    ...<2 lines>...
        history=[],
    )
  File "C:\Users\david\workspace\predictionmarkets\.venv\Lib\site-packages\httpx\_client.py", line 942, in _send_handling_auth
    response = self._send_handling_redirects(
        request,
        follow_redirects=follow_redirects,
        history=history,
    )
  File "C:\Users\david\workspace\predictionmarkets\.venv\Lib\site-packages\httpx\_client.py", line 979, in _send_handling_redirects
    response = self._send_single_request(request)
  File "C:\Users\david\workspace\predictionmarkets\.venv\Lib\site-packages\httpx\_client.py", line 1014, in _send_single_request
    response = transport.handle_request(request)
  File "C:\Users\david\workspace\predictionmarkets\.venv\Lib\site-packages\httpx\_transports\default.py", line 249, in handle_request
    with map_httpcore_exceptions():
         ~~~~~~~~~~~~~~~~~~~~~~~^^
  File "C:\Users\david\AppData\Local\Python\pythoncore-3.14-64\Lib\contextlib.py", line 162, in __exit__
    self.gen.throw(value)
    ~~~~~~~~~~~~~~^^^^^^^
  File "C:\Users\david\workspace\predictionmarkets\.venv\Lib\site-packages\httpx\_transports\default.py", line 118, in map_httpcore_exceptions
    raise mapped_exc(message) from exc
httpx.ConnectError: [WinError 10013] An attempt was made to access a socket in a way forbidden by its access permissions
Traceback (most recent call last):
  File "C:\Users\david\workspace\predictionmarkets\.venv\Lib\site-packages\httpx\_transports\default.py", line 101, in map_httpcore_exceptions
    yield
  File "C:\Users\david\workspace\predictionmarkets\.venv\Lib\site-packages\httpx\_transports\default.py", line 250, in handle_request
    resp = self._pool.handle_request(req)
  File "C:\Users\david\workspace\predictionmarkets\.venv\Lib\site-packages\httpcore\_sync\connection_pool.py", line 256, in handle_request
    raise exc from None
  File "C:\Users\david\workspace\predictionmarkets\.venv\Lib\site-packages\httpcore\_sync\connection_pool.py", line 236, in handle_request
    response = connection.handle_request(
        pool_request.request
    )
  File "C:\Users\david\workspace\predictionmarkets\.venv\Lib\site-packages\httpcore\_sync\connection.py", line 101, in handle_request
    raise exc
  File "C:\Users\david\workspace\predictionmarkets\.venv\Lib\site-packages\httpcore\_sync\connection.py", line 78, in handle_request
    stream = self._connect(request)
  File "C:\Users\david\workspace\predictionmarkets\.venv\Lib\site-packages\httpcore\_sync\connection.py", line 124, in _connect
    stream = self._network_backend.connect_tcp(**kwargs)
  File "C:\Users\david\workspace\predictionmarkets\.venv\Lib\site-packages\httpcore\_backends\sync.py", line 207, in connect_tcp
    with map_exceptions(exc_map):
         ~~~~~~~~~~~~~~^^^^^^^^^
  File "C:\Users\david\AppData\Local\Python\pythoncore-3.14-64\Lib\contextlib.py", line 162, in __exit__
    self.gen.throw(value)
    ~~~~~~~~~~~~~~^^^^^^^
  File "C:\Users\david\workspace\predictionmarkets\.venv\Lib\site-packages\httpcore\_exceptions.py", line 14, in map_exceptions
    raise to_exc(exc) from exc
httpcore.ConnectError: [WinError 10013] An attempt was made to access a socket in a way forbidden by its access permissions

The above exception was the direct cause of the following exception:

Traceback (most recent call last):
  File "<frozen runpy>", line 198, in _run_module_as_main
  File "<frozen runpy>", line 88, in _run_code
  File "C:\Users\david\workspace\predictionmarkets\scripts\poll_markets.py", line 236, in <module>
    main()
    ~~~~^^
  File "C:\Users\david\workspace\predictionmarkets\scripts\poll_markets.py", line 216, in main
    run_cycle(
    ~~~~~~~~~^
        status=status,
        ^^^^^^^^^^^^^^
    ...<5 lines>...
        hydrate_unknown_sleep=args.hydrate_unknown_sleep,
        ^^^^^^^^^^^^^^^^^^^^^^^^^^^^^^^^^^^^^^^^^^^^^^^^^
    )
    ^
  File "C:\Users\david\workspace\predictionmarkets\scripts\poll_markets.py", line 91, in run_cycle
    for batch in chunked(stream, batch_size):
                 ~~~~~~~^^^^^^^^^^^^^^^^^^^^
  File "C:\Users\david\workspace\predictionmarkets\app\services\market_ingestor.py", line 62, in chunked
    batch = list(islice(it, size))
  File "C:\Users\david\workspace\predictionmarkets\app\services\kalshi_rest.py", line 99, in iter_markets
    page = self.get_markets(limit=limit, cursor=cursor, status=status)
  File "C:\Users\david\workspace\predictionmarkets\app\services\kalshi_rest.py", line 75, in get_markets
    response = client.get(url, params=params)
  File "C:\Users\david\workspace\predictionmarkets\.venv\Lib\site-packages\httpx\_client.py", line 1053, in get
    return self.request(
           ~~~~~~~~~~~~^
        "GET",
        ^^^^^^
    ...<7 lines>...
        extensions=extensions,
        ^^^^^^^^^^^^^^^^^^^^^^
    )
    ^
  File "C:\Users\david\workspace\predictionmarkets\.venv\Lib\site-packages\httpx\_client.py", line 825, in request
    return self.send(request, auth=auth, follow_redirects=follow_redirects)
           ~~~~~~~~~^^^^^^^^^^^^^^^^^^^^^^^^^^^^^^^^^^^^^^^^^^^^^^^^^^^^^^^
  File "C:\Users\david\workspace\predictionmarkets\.venv\Lib\site-packages\httpx\_client.py", line 914, in send
    response = self._send_handling_auth(
        request,
    ...<2 lines>...
        history=[],
    )
  File "C:\Users\david\workspace\predictionmarkets\.venv\Lib\site-packages\httpx\_client.py", line 942, in _send_handling_auth
    response = self._send_handling_redirects(
        request,
        follow_redirects=follow_redirects,
        history=history,
    )
  File "C:\Users\david\workspace\predictionmarkets\.venv\Lib\site-packages\httpx\_client.py", line 979, in _send_handling_redirects
    response = self._send_single_request(request)
  File "C:\Users\david\workspace\predictionmarkets\.venv\Lib\site-packages\httpx\_client.py", line 1014, in _send_single_request
    response = transport.handle_request(request)
  File "C:\Users\david\workspace\predictionmarkets\.venv\Lib\site-packages\httpx\_transports\default.py", line 249, in handle_request
    with map_httpcore_exceptions():
         ~~~~~~~~~~~~~~~~~~~~~~~^^
  File "C:\Users\david\AppData\Local\Python\pythoncore-3.14-64\Lib\contextlib.py", line 162, in __exit__
    self.gen.throw(value)
    ~~~~~~~~~~~~~~^^^^^^^
  File "C:\Users\david\workspace\predictionmarkets\.venv\Lib\site-packages\httpx\_transports\default.py", line 118, in map_httpcore_exceptions
    raise mapped_exc(message) from exc
httpx.ConnectError: [WinError 10013] An attempt was made to access a socket in a way forbidden by its access permissions
Traceback (most recent call last):
  File "C:\Users\david\workspace\predictionmarkets\.venv\Lib\site-packages\httpx\_transports\default.py", line 101, in map_httpcore_exceptions
    yield
  File "C:\Users\david\workspace\predictionmarkets\.venv\Lib\site-packages\httpx\_transports\default.py", line 250, in handle_request
    resp = self._pool.handle_request(req)
  File "C:\Users\david\workspace\predictionmarkets\.venv\Lib\site-packages\httpcore\_sync\connection_pool.py", line 256, in handle_request
    raise exc from None
  File "C:\Users\david\workspace\predictionmarkets\.venv\Lib\site-packages\httpcore\_sync\connection_pool.py", line 236, in handle_request
    response = connection.handle_request(
        pool_request.request
    )
  File "C:\Users\david\workspace\predictionmarkets\.venv\Lib\site-packages\httpcore\_sync\connection.py", line 101, in handle_request
    raise exc
  File "C:\Users\david\workspace\predictionmarkets\.venv\Lib\site-packages\httpcore\_sync\connection.py", line 78, in handle_request
    stream = self._connect(request)
  File "C:\Users\david\workspace\predictionmarkets\.venv\Lib\site-packages\httpcore\_sync\connection.py", line 124, in _connect
    stream = self._network_backend.connect_tcp(**kwargs)
  File "C:\Users\david\workspace\predictionmarkets\.venv\Lib\site-packages\httpcore\_backends\sync.py", line 207, in connect_tcp
    with map_exceptions(exc_map):
         ~~~~~~~~~~~~~~^^^^^^^^^
  File "C:\Users\david\AppData\Local\Python\pythoncore-3.14-64\Lib\contextlib.py", line 162, in __exit__
    self.gen.throw(value)
    ~~~~~~~~~~~~~~^^^^^^^
  File "C:\Users\david\workspace\predictionmarkets\.venv\Lib\site-packages\httpcore\_exceptions.py", line 14, in map_exceptions
    raise to_exc(exc) from exc
httpcore.ConnectError: [WinError 10013] An attempt was made to access a socket in a way forbidden by its access permissions

The above exception was the direct cause of the following exception:

Traceback (most recent call last):
  File "<frozen runpy>", line 198, in _run_module_as_main
  File "<frozen runpy>", line 88, in _run_code
  File "C:\Users\david\workspace\predictionmarkets\scripts\poll_markets.py", line 236, in <module>
    main()
    ~~~~^^
  File "C:\Users\david\workspace\predictionmarkets\scripts\poll_markets.py", line 216, in main
    run_cycle(
    ~~~~~~~~~^
        status=status,
        ^^^^^^^^^^^^^^
    ...<5 lines>...
        hydrate_unknown_sleep=args.hydrate_unknown_sleep,
        ^^^^^^^^^^^^^^^^^^^^^^^^^^^^^^^^^^^^^^^^^^^^^^^^^
    )
    ^
  File "C:\Users\david\workspace\predictionmarkets\scripts\poll_markets.py", line 91, in run_cycle
    for batch in chunked(stream, batch_size):
                 ~~~~~~~^^^^^^^^^^^^^^^^^^^^
  File "C:\Users\david\workspace\predictionmarkets\app\services\market_ingestor.py", line 62, in chunked
    batch = list(islice(it, size))
  File "C:\Users\david\workspace\predictionmarkets\app\services\kalshi_rest.py", line 99, in iter_markets
    page = self.get_markets(limit=limit, cursor=cursor, status=status)
  File "C:\Users\david\workspace\predictionmarkets\app\services\kalshi_rest.py", line 75, in get_markets
    response = client.get(url, params=params)
  File "C:\Users\david\workspace\predictionmarkets\.venv\Lib\site-packages\httpx\_client.py", line 1053, in get
    return self.request(
           ~~~~~~~~~~~~^
        "GET",
        ^^^^^^
    ...<7 lines>...
        extensions=extensions,
        ^^^^^^^^^^^^^^^^^^^^^^
    )
    ^
  File "C:\Users\david\workspace\predictionmarkets\.venv\Lib\site-packages\httpx\_client.py", line 825, in request
    return self.send(request, auth=auth, follow_redirects=follow_redirects)
           ~~~~~~~~~^^^^^^^^^^^^^^^^^^^^^^^^^^^^^^^^^^^^^^^^^^^^^^^^^^^^^^^
  File "C:\Users\david\workspace\predictionmarkets\.venv\Lib\site-packages\httpx\_client.py", line 914, in send
    response = self._send_handling_auth(
        request,
    ...<2 lines>...
        history=[],
    )
  File "C:\Users\david\workspace\predictionmarkets\.venv\Lib\site-packages\httpx\_client.py", line 942, in _send_handling_auth
    response = self._send_handling_redirects(
        request,
        follow_redirects=follow_redirects,
        history=history,
    )
  File "C:\Users\david\workspace\predictionmarkets\.venv\Lib\site-packages\httpx\_client.py", line 979, in _send_handling_redirects
    response = self._send_single_request(request)
  File "C:\Users\david\workspace\predictionmarkets\.venv\Lib\site-packages\httpx\_client.py", line 1014, in _send_single_request
    response = transport.handle_request(request)
  File "C:\Users\david\workspace\predictionmarkets\.venv\Lib\site-packages\httpx\_transports\default.py", line 249, in handle_request
    with map_httpcore_exceptions():
         ~~~~~~~~~~~~~~~~~~~~~~~^^
  File "C:\Users\david\AppData\Local\Python\pythoncore-3.14-64\Lib\contextlib.py", line 162, in __exit__
    self.gen.throw(value)
    ~~~~~~~~~~~~~~^^^^^^^
  File "C:\Users\david\workspace\predictionmarkets\.venv\Lib\site-packages\httpx\_transports\default.py", line 118, in map_httpcore_exceptions
    raise mapped_exc(message) from exc
httpx.ConnectError: [WinError 10013] An attempt was made to access a socket in a way forbidden by its access permissions
Traceback (most recent call last):
  File "C:\Users\david\workspace\predictionmarkets\.venv\Lib\site-packages\httpx\_transports\default.py", line 101, in map_httpcore_exceptions
    yield
  File "C:\Users\david\workspace\predictionmarkets\.venv\Lib\site-packages\httpx\_transports\default.py", line 250, in handle_request
    resp = self._pool.handle_request(req)
  File "C:\Users\david\workspace\predictionmarkets\.venv\Lib\site-packages\httpcore\_sync\connection_pool.py", line 256, in handle_request
    raise exc from None
  File "C:\Users\david\workspace\predictionmarkets\.venv\Lib\site-packages\httpcore\_sync\connection_pool.py", line 236, in handle_request
    response = connection.handle_request(
        pool_request.request
    )
  File "C:\Users\david\workspace\predictionmarkets\.venv\Lib\site-packages\httpcore\_sync\connection.py", line 101, in handle_request
    raise exc
  File "C:\Users\david\workspace\predictionmarkets\.venv\Lib\site-packages\httpcore\_sync\connection.py", line 78, in handle_request
    stream = self._connect(request)
  File "C:\Users\david\workspace\predictionmarkets\.venv\Lib\site-packages\httpcore\_sync\connection.py", line 124, in _connect
    stream = self._network_backend.connect_tcp(**kwargs)
  File "C:\Users\david\workspace\predictionmarkets\.venv\Lib\site-packages\httpcore\_backends\sync.py", line 207, in connect_tcp
    with map_exceptions(exc_map):
         ~~~~~~~~~~~~~~^^^^^^^^^
  File "C:\Users\david\AppData\Local\Python\pythoncore-3.14-64\Lib\contextlib.py", line 162, in __exit__
    self.gen.throw(value)
    ~~~~~~~~~~~~~~^^^^^^^
  File "C:\Users\david\workspace\predictionmarkets\.venv\Lib\site-packages\httpcore\_exceptions.py", line 14, in map_exceptions
    raise to_exc(exc) from exc
httpcore.ConnectError: [WinError 10065] A socket operation was attempted to an unreachable host

The above exception was the direct cause of the following exception:

Traceback (most recent call last):
  File "<frozen runpy>", line 198, in _run_module_as_main
  File "<frozen runpy>", line 88, in _run_code
  File "C:\Users\david\workspace\predictionmarkets\scripts\poll_markets.py", line 236, in <module>
    main()
    ~~~~^^
  File "C:\Users\david\workspace\predictionmarkets\scripts\poll_markets.py", line 216, in main
    run_cycle(
    ~~~~~~~~~^
        status=status,
        ^^^^^^^^^^^^^^
    ...<5 lines>...
        hydrate_unknown_sleep=args.hydrate_unknown_sleep,
        ^^^^^^^^^^^^^^^^^^^^^^^^^^^^^^^^^^^^^^^^^^^^^^^^^
    )
    ^
  File "C:\Users\david\workspace\predictionmarkets\scripts\poll_markets.py", line 91, in run_cycle
    for batch in chunked(stream, batch_size):
                 ~~~~~~~^^^^^^^^^^^^^^^^^^^^
  File "C:\Users\david\workspace\predictionmarkets\app\services\market_ingestor.py", line 62, in chunked
    batch = list(islice(it, size))
  File "C:\Users\david\workspace\predictionmarkets\app\services\kalshi_rest.py", line 99, in iter_markets
    page = self.get_markets(limit=limit, cursor=cursor, status=status)
  File "C:\Users\david\workspace\predictionmarkets\app\services\kalshi_rest.py", line 75, in get_markets
    response = client.get(url, params=params)
  File "C:\Users\david\workspace\predictionmarkets\.venv\Lib\site-packages\httpx\_client.py", line 1053, in get
    return self.request(
           ~~~~~~~~~~~~^
        "GET",
        ^^^^^^
    ...<7 lines>...
        extensions=extensions,
        ^^^^^^^^^^^^^^^^^^^^^^
    )
    ^
  File "C:\Users\david\workspace\predictionmarkets\.venv\Lib\site-packages\httpx\_client.py", line 825, in request
    return self.send(request, auth=auth, follow_redirects=follow_redirects)
           ~~~~~~~~~^^^^^^^^^^^^^^^^^^^^^^^^^^^^^^^^^^^^^^^^^^^^^^^^^^^^^^^
  File "C:\Users\david\workspace\predictionmarkets\.venv\Lib\site-packages\httpx\_client.py", line 914, in send
    response = self._send_handling_auth(
        request,
    ...<2 lines>...
        history=[],
    )
  File "C:\Users\david\workspace\predictionmarkets\.venv\Lib\site-packages\httpx\_client.py", line 942, in _send_handling_auth
    response = self._send_handling_redirects(
        request,
        follow_redirects=follow_redirects,
        history=history,
    )
  File "C:\Users\david\workspace\predictionmarkets\.venv\Lib\site-packages\httpx\_client.py", line 979, in _send_handling_redirects
    response = self._send_single_request(request)
  File "C:\Users\david\workspace\predictionmarkets\.venv\Lib\site-packages\httpx\_client.py", line 1014, in _send_single_request
    response = transport.handle_request(request)
  File "C:\Users\david\workspace\predictionmarkets\.venv\Lib\site-packages\httpx\_transports\default.py", line 249, in handle_request
    with map_httpcore_exceptions():
         ~~~~~~~~~~~~~~~~~~~~~~~^^
  File "C:\Users\david\AppData\Local\Python\pythoncore-3.14-64\Lib\contextlib.py", line 162, in __exit__
    self.gen.throw(value)
    ~~~~~~~~~~~~~~^^^^^^^
  File "C:\Users\david\workspace\predictionmarkets\.venv\Lib\site-packages\httpx\_transports\default.py", line 118, in map_httpcore_exceptions
    raise mapped_exc(message) from exc
httpx.ConnectError: [WinError 10065] A socket operation was attempted to an unreachable host
